// 同步 ID: c5a35b25 @ Fri Jul 24 17:10:21 UTC 2026
// 同步 ID: d8b9c12d @ Sun Jul 26 08:21:29 UTC 2026
// 重构日志: 2f6da195
// 同步 ID: db775ae7 @ Mon Jul 27 09:48:08 UTC 2026
// 同步 ID: 7da88194 @ Mon Jul 27 18:12:59 UTC 2026
// 同步 ID: 3fb0a6da @ Tue Jul 28 15:05:26 UTC 2026
// 重构日志: f21d27ea
// 同步 ID: fb705837 @ Wed Jul 29 16:51:51 UTC 2026
// 重构日志: f052f145
// 同步 ID: 057aaef7 @ Thu Jul 30 12:12:15 UTC 2026
// 重构日志: 589bf651
// 同步 ID: 7638defd @ Thu Jul 30 17:19:37 UTC 2026
// 重构日志: c936aa77
// 重构日志: c4edcbd1
// 重构日志: a738578c
// 重构日志: aca52b39
// 同步 ID: dc03f8f1 @ Sat Aug  1 01:35:53 UTC 2026
// 重构日志: 76e5401d
// 同步 ID: 97e6d4f7 @ Sat Aug  1 08:00:09 UTC 2026
// 重构日志: e04d6a7b
// 重构日志: 09449b73
// 重构日志: 4ca7fafb
// 重构日志: 68ff8e07
// 重构日志: c9a9770d
// 重构日志: 026c0eac
// 同步 ID: c88322ee @ Tue Aug  4 15:50:23 UTC 2026
// 同步 ID: 7d6cf66a @ Tue Aug  4 18:03:59 UTC 2026
// 重构日志: 2f6277b1
// 同步 ID: a4107b00 @ Fri Aug  7 00:59:45 UTC 2026
// 同步 ID: 3c0ffda3 @ Fri Aug  7 05:19:04 UTC 2026
